<html>
<body>
<pre>
<h1>µVision Build Log</h1>
<h2>Tool Versions:</h2>
IDE-Version: ¦ÌVision V5.24.2.0
Copyright (C) 2017 ARM Ltd and ARM Germany GmbH. All rights reserved.
License Information: ye ye, ye, LIC=32B1Q-NJG5N-EVX1R-KBETU-HUEX4-GY4S2
 
Tool Versions:
Toolchain:       MDK-ARM Plus  Version: 5.24.1
Toolchain Path:  D:\Class\stm32\ARM\ARMCC\Bin
C Compiler:      Armcc.exe V5.06 update 5 (build 528)
Assembler:       Armasm.exe V5.06 update 5 (build 528)
Linker/Locator:  ArmLink.exe V5.06 update 5 (build 528)
Library Manager: ArmAr.exe V5.06 update 5 (build 528)
Hex Converter:   FromElf.exe V5.06 update 5 (build 528)
CPU DLL:         SARMCM3.DLL V5.24.1
Dialog DLL:      DCM.DLL V1.16.0.0
Target DLL:      STLink\ST-LINKIII-KEIL_SWO.dll V3.0.1.0
Dialog DLL:      TCM.DLL V1.32.0.0
 
<h2>Project:</h2>
D:\STM32Project\0-4 ¿ÎÌâ4\project.uvprojx
Project File Date:  11/13/2025

<h2>Output:</h2>
*** Using Compiler 'V5.06 update 5 (build 528)', folder: 'D:\Class\stm32\ARM\ARMCC\Bin'
Build target 'Target 1'
compiling main.c...
User\main.c(14): warning:  #223-D: function "OLED_Init" declared implicitly
      OLED_Init();    
User\main.c(16): warning:  #223-D: function "Motor_Init" declared implicitly
      Motor_Init();
User\main.c(17): warning:  #223-D: function "Motor_Forward" declared implicitly
      Motor_Forward();
User\main.c(22): warning:  #223-D: function "send_information" declared implicitly
  	   send_information();
User\main.c(24): warning:  #223-D: function "OLED_ShowNum" declared implicitly
  		OLED_ShowNum(1,1,Length,5);
User\main.c(28): warning:  #223-D: function "Motor_Back" declared implicitly
  		Motor_Back();
User\main.c(33): warning:  #223-D: function "Motor_Stop" declared implicitly
  		Motor_Stop();
User\main.c: 7 warnings, 0 errors
linking...
Program Size: Code=4400 RO-data=1788 RW-data=4 ZI-data=1636  
FromELF: creating hex file...
".\Objects\project.axf" - 0 Error(s), 7 Warning(s).

<h2>Software Packages used:</h2>

Package Vendor: Keil
                http://www.keil.com/pack/Keil.STM32F1xx_DFP.2.2.0.pack
                Keil.STM32F1xx_DFP.2.2.0
                STMicroelectronics STM32F1 Series Device Support, Drivers and Examples

<h2>Collection of Component include folders:</h2>
  .\RTE\_Target_1
  D:\Class\stm32\ARM\PACK\Keil\STM32F1xx_DFP\2.2.0\Device\Include

<h2>Collection of Component Files used:</h2>
Build Time Elapsed:  00:00:00
</pre>
</body>
</html>
